--- 150 columns ---
  Provider      Model                         Effort     Context  Cost      Input     Output  Identifier
  Anthropic     Sonnet 5                      medium        200K  [38;2;129;162;190m◼◼[0m        $3.00     $15.00  [38;2;150;152;150mclaude-sonnet-5[0m
› Codex         Codex 5.3                     medium ⚡     272K  [38;2;129;162;190m◼◼[0m        $1.30     $10.00  [38;2;150;152;150mgpt-5.3-codex[0m
  OpenCode Go   DeepSeek Flash Vision Exp 4   high            1M  [38;2;76;154;44m◼[0m        $0.075      $0.30  [38;2;150;152;150mdeepseek-v4-flash-vision-exp[0m
  Anthropic     Opus 5                        high          200K  [38;2;207;173;0m◼◼◼[0m      $15.00     $75.00  [38;2;150;152;150mclaude-opus-5[0m
  Codex         Sol Pro                       medium        272K  [38;2;204;102;102m◼◼◼◼[0m    $150.00    $600.00  [38;2;150;152;150mgpt-5.3-sol-pro[0m
  Ollama        Qwen Coder 3 30B              medium           —  —             —          —  [38;2;150;152;150mqwen3-coder:30b[0m

--- 100 columns ---
  Provider      Model                         Effort     Context  Cost  Identifier
  Anthropic     Sonnet 5                      medium        200K  [38;2;129;162;190m◼◼[0m    [38;2;150;152;150mclaude-sonnet-5[0m
› Codex         Codex 5.3                     medium ⚡     272K  [38;2;129;162;190m◼◼[0m    [38;2;150;152;150mgpt-5.3-codex[0m
  OpenCode Go   DeepSeek Flash Vision Exp 4   high            1M  [38;2;76;154;44m◼[0m     [38;2;150;152;150mdeepseek-v4-flash-vision-exp[0m
  Anthropic     Opus 5                        high          200K  [38;2;207;173;0m◼◼◼[0m   [38;2;150;152;150mclaude-opus-5[0m
  Codex         Sol Pro                       medium        272K  [38;2;204;102;102m◼◼◼◼[0m  [38;2;150;152;150mgpt-5.3-sol-pro[0m
  Ollama        Qwen Coder 3 30B              medium           —  —     [38;2;150;152;150mqwen3-coder:30b[0m

--- 80 columns ---
  Provider      Model                         Effort     Context  Identifier
  Anthropic     Sonnet 5                      medium        200K  [38;2;150;152;150mclaude-sonnet…[0m
› Codex         Codex 5.3                     medium ⚡     272K  [38;2;150;152;150mgpt-5.3-codex[0m
  OpenCode Go   DeepSeek Flash Vision Exp 4   high            1M  [38;2;150;152;150mdeepseek-v4-f…[0m
  Anthropic     Opus 5                        high          200K  [38;2;150;152;150mclaude-opus-5[0m
  Codex         Sol Pro                       medium        272K  [38;2;150;152;150mgpt-5.3-sol-p…[0m
  Ollama        Qwen Coder 3 30B              medium           —  [38;2;150;152;150mqwen3-coder:3…[0m

--- 46 columns ---
  Provider      Model                        …
  Anthropic     Sonnet 5                     …
› Codex         Codex 5.3                    …
  OpenCode Go   DeepSeek Flash Vision Exp 4  …
  Anthropic     Opus 5                       …
  Codex         Sol Pro                      …
  Ollama        Qwen Coder 3 30B             …

--- 150 columns in pounds ---
  Anthropic     Sonnet 5                      medium        200K  [38;2;129;162;190m◼◼[0m        £2.40     £12.00  [38;2;150;152;150mclaude-sonnet-5[0m
› Codex         Codex 5.3                     medium ⚡     272K  [38;2;129;162;190m◼◼[0m        £1.00      £8.00  [38;2;150;152;150mgpt-5.3-codex[0m
  OpenCode Go   DeepSeek Flash Vision Exp 4   high            1M  [38;2;76;154;44m◼[0m         £0.06      £0.24  [38;2;150;152;150mdeepseek-v4-flash-vision-exp[0m
  Anthropic     Opus 5                        high          200K  [38;2;207;173;0m◼◼◼[0m      £12.00     £60.00  [38;2;150;152;150mclaude-opus-5[0m
  Codex         Sol Pro                       medium        272K  [38;2;204;102;102m◼◼◼◼[0m    £120.00    £480.00  [38;2;150;152;150mgpt-5.3-sol-pro[0m
  Ollama        Qwen Coder 3 30B              medium           —  —             —          —  [38;2;150;152;150mqwen3-coder:30b[0m
